// Jest Snapshot v1, https://goo.gl/fbAQLP

exports[`Loader root renders and mount html 1`] = `<noscript />`;

exports[`Loader root renders and mount html 2`] = `
<div
  class="full-loader"
  data-testid="loader-root"
/>
`;
